// Jest Snapshot v1, https://goo.gl/fbAQLP

exports[`<Svg /> should render 1`] = `
"<svg height=\\"1em\\" width=\\"1em\\">
  <use xlinkHref=\\"#icon-name\\" />
</svg>"
`;
